[0] = name: Axe, sellIn: 9, quality: 14
[1] = name: Backstage passes to a TAFKAL80ETC concert, sellIn: 9, quality: 17

